// Jest Snapshot v1, https://goo.gl/fbAQLP

exports[`LoginOrSignUpForm renders correctly 1`] = `
<form
  onSubmit={[Function]}
>
  <div>
    <label>
      Email
    </label>
    <input
      name="email"
      onBlur={[Function]}
      onChange={[Function]}
      onFocus={[Function]}
      placeholder="Email"
      type="email"
      value=""
    />
  </div>
  <div>
    <label>
      Password
    </label>
    <input
      name="password"
      onBlur={[Function]}
      onChange={[Function]}
      onFocus={[Function]}
      placeholder="Password"
      type="password"
      value=""
    />
  </div>
  <button
    disabled={true}
    type="submit"
  >
    Log in
  </button>
</form>
`;
