// Jest Snapshot v1, https://goo.gl/fbAQLP

exports[`/ renders correctly 1`] = `
Array [
  <div
    className="ui inverted vertical segment"
  >
    <div
      className="ui inverted secondary menu"
    >
      <div
        className="ui container"
      >
        <a
          className="item"
          onClick={[Function]}
        >
          <span>
            iidx.io
          </span>
        </a>
        <div
          className="right menu"
        >
          <div
            className="ui tiny active inline loader"
          />
        </div>
      </div>
    </div>
  </div>,
  <div
    className="ui vertical segment"
  >
    <div
      className="ui container"
    >
      loading
    </div>
  </div>,
  <div
    className="ui vertical segment"
  >
    <div
      className="ui center aligned container"
    >
      <i
        aria-hidden="true"
        className="copyright outline icon"
      />
       
      2018
       iidx.io |
       
      test
    </div>
  </div>,
]
`;
