// Jest Snapshot v1, https://goo.gl/fbAQLP

exports[`Brand renders correctly 1`] = `
<span>
  iidx.io
</span>
`;
